// Jest Snapshot v1, https://goo.gl/fbAQLP

exports[`should show comments in a list 1`] = `ShallowWrapper {}`;
